#! /usr/local/Cellar/icarus-verilog/12.0/bin/vvp
:ivl_version "12.0 (stable)";
:ivl_delay_selection "TYPICAL";
:vpi_time_precision + 0;
:vpi_module "/usr/local/Cellar/icarus-verilog/12.0/lib/ivl/system.vpi";
:vpi_module "/usr/local/Cellar/icarus-verilog/12.0/lib/ivl/vhdl_sys.vpi";
:vpi_module "/usr/local/Cellar/icarus-verilog/12.0/lib/ivl/vhdl_textio.vpi";
:vpi_module "/usr/local/Cellar/icarus-verilog/12.0/lib/ivl/v2005_math.vpi";
:vpi_module "/usr/local/Cellar/icarus-verilog/12.0/lib/ivl/va_math.vpi";
S_0x7fe1c47041a0 .scope module, "xor_gate_tb" "xor_gate_tb" 2 3;
 .timescale 0 0;
v0x7fe1c4714790_0 .var "a", 0 0;
v0x7fe1c4714830_0 .var "b", 0 0;
v0x7fe1c47148e0_0 .net "y", 0 0, L_0x7fe1c47149b0;  1 drivers
S_0x7fe1c4704320 .scope module, "uut" "xor_gate" 2 8, 3 3 0, S_0x7fe1c47041a0;
 .timescale 0 0;
    .port_info 0 /INPUT 1 "a";
    .port_info 1 /INPUT 1 "b";
    .port_info 2 /OUTPUT 1 "y";
L_0x7fe1c47149b0 .functor XOR 1, v0x7fe1c4714790_0, v0x7fe1c4714830_0, C4<0>, C4<0>;
v0x7fe1c4704540_0 .net "a", 0 0, v0x7fe1c4714790_0;  1 drivers
v0x7fe1c47145f0_0 .net "b", 0 0, v0x7fe1c4714830_0;  1 drivers
v0x7fe1c4714690_0 .net "y", 0 0, L_0x7fe1c47149b0;  alias, 1 drivers
    .scope S_0x7fe1c47041a0;
T_0 ;
    %vpi_call 2 16 "$dumpfile", "xor_gate.vcd" {0 0 0};
    %vpi_call 2 17 "$dumpvars", 32'sb00000000000000000000000000000000, S_0x7fe1c47041a0 {0 0 0};
    %vpi_call 2 18 "$display", "A B | Y" {0 0 0};
    %vpi_call 2 19 "$display", "----------" {0 0 0};
    %pushi/vec4 0, 0, 1;
    %store/vec4 v0x7fe1c4714790_0, 0, 1;
    %pushi/vec4 0, 0, 1;
    %store/vec4 v0x7fe1c4714830_0, 0, 1;
    %delay 10, 0;
    %vpi_call 2 21 "$display", "%b %b | %b", v0x7fe1c4714790_0, v0x7fe1c4714830_0, v0x7fe1c47148e0_0 {0 0 0};
    %pushi/vec4 0, 0, 1;
    %store/vec4 v0x7fe1c4714790_0, 0, 1;
    %pushi/vec4 1, 0, 1;
    %store/vec4 v0x7fe1c4714830_0, 0, 1;
    %delay 10, 0;
    %vpi_call 2 23 "$display", "%b %b | %b", v0x7fe1c4714790_0, v0x7fe1c4714830_0, v0x7fe1c47148e0_0 {0 0 0};
    %pushi/vec4 1, 0, 1;
    %store/vec4 v0x7fe1c4714790_0, 0, 1;
    %pushi/vec4 0, 0, 1;
    %store/vec4 v0x7fe1c4714830_0, 0, 1;
    %delay 10, 0;
    %vpi_call 2 25 "$display", "%b %b | %b", v0x7fe1c4714790_0, v0x7fe1c4714830_0, v0x7fe1c47148e0_0 {0 0 0};
    %pushi/vec4 1, 0, 1;
    %store/vec4 v0x7fe1c4714790_0, 0, 1;
    %pushi/vec4 1, 0, 1;
    %store/vec4 v0x7fe1c4714830_0, 0, 1;
    %delay 10, 0;
    %vpi_call 2 27 "$display", "%b %b | %b", v0x7fe1c4714790_0, v0x7fe1c4714830_0, v0x7fe1c47148e0_0 {0 0 0};
    %vpi_call 2 29 "$finish" {0 0 0};
    %end;
    .thread T_0;
# The file index is used to find the file name in the following table.
:file_names 4;
    "N/A";
    "<interactive>";
    "xor_gate_tb.v";
    "xor_gate.v";
